[00:02:09] [Server thread/INFO]: tdun was blown up by Creeper
[00:04:36] [Server thread/INFO]: [tdun: Set the time to 1000]
[00:11:20] [Server thread/INFO]: [tdun: Set own game mode to Creative Mode]
[00:11:29] [Server thread/INFO]: [tdun: Set own game mode to Survival Mode]
[00:13:28] [Server thread/INFO]: tdun fell from a high place
[00:14:00] [Server thread/INFO]: [tdun: Set the time to 1000]
[00:23:22] [Server thread/INFO]: [tdun: Set the time to 1000]
[00:32:37] [Server thread/INFO]: [tdun: Set the time to 1000]
[00:33:52] [Server thread/INFO]: tdun has made the advancement [Enchanter]
[00:34:20] [Server thread/INFO]: tdun lost connection: Disconnected
[00:34:20] [Server thread/INFO]: tdun left the game
[00:35:20] [Server thread/INFO]: Server empty for 60 seconds, pausing
[01:20:01] [Server thread/INFO]: Kanbuto[/172.18.0.3:46202] logged in with entity id 67052 at (-1305.5338675338155, 91.0625, 2573.548849773822)
[01:20:01] [Server thread/INFO]: Kanbuto joined the game
[01:45:38] [Server thread/INFO]: Villager class_1646['Mason'/71494, l='ServerLevel[world]', x=-1275.65, y=89.00, z=2605.68] died, message: 'Mason was slain by Zombie'
[01:47:03] [Server thread/INFO]: Named entity class_5762['Crystal'/76265, l='ServerLevel[world]', x=-1315.00, y=82.00, z=2717.47] died: Crystal died from dehydration
[01:52:16] [Server thread/INFO]: Kanbuto lost connection: Disconnected
[01:52:16] [Server thread/INFO]: Kanbuto left the game
[01:53:16] [Server thread/INFO]: Server empty for 60 seconds, pausing
[02:42:35] [Server thread/INFO]: Kanbuto[/172.18.0.3:39562] logged in with entity id 80337 at (-1311.7600087635608, 94.87204719359215, 2579.1035733700305)
[02:42:35] [Server thread/INFO]: Kanbuto joined the game
[02:50:12] [Server thread/INFO]: Kanbuto lost connection: Disconnected
[02:50:12] [Server thread/INFO]: Kanbuto left the game
[02:51:12] [Server thread/INFO]: Server empty for 60 seconds, pausing
[03:11:12] [Server thread/INFO]: Kanbuto[/172.18.0.3:60174] logged in with entity id 82929 at (-1302.7660766287656, 91.0625, 2571.376853242812)
[03:11:12] [Server thread/INFO]: Kanbuto joined the game
[03:12:50] [Server thread/INFO]: Kanbuto lost connection: Disconnected
[03:12:50] [Server thread/INFO]: Kanbuto left the game
[03:13:50] [Server thread/INFO]: Server empty for 60 seconds, pausing
[03:14:47] [Server thread/INFO]: Kanbuto[/172.18.0.3:43844] logged in with entity id 83618 at (-1316.1373526546593, 92.5, 2566.2486295135077)
[03:14:47] [Server thread/INFO]: Kanbuto joined the game
[03:28:27] [Server thread/INFO]: Kanbuto lost connection: Disconnected
[03:28:27] [Server thread/INFO]: Kanbuto left the game
[03:29:27] [Server thread/INFO]: Server empty for 60 seconds, pausing
[08:08:31] [Server thread/INFO]: Kanbuto[/172.18.0.3:48258] logged in with entity id 87028 at (-1305.053533204548, 99.09532442719602, 2570.7774989899676)
[08:08:31] [Server thread/INFO]: Kanbuto joined the game
[08:09:11] [Server thread/INFO]: Kanbuto lost connection: Disconnected
[08:09:11] [Server thread/INFO]: Kanbuto left the game
[08:10:11] [Server thread/INFO]: Server empty for 60 seconds, pausing
[08:12:15] [Server thread/INFO]: Kanbuto[/172.18.0.3:34324] logged in with entity id 87452 at (-1303.8651573702664, 91.0, 2569.1609905747537)
[08:12:15] [Server thread/INFO]: Kanbuto joined the game
[08:13:25] [Server thread/INFO]: Kanbuto was slain by Zombie
[08:14:54] [Server thread/INFO]: Villager class_1646['Librarian'/87368, l='ServerLevel[world]', x=-1299.30, y=91.00, z=2563.70] died, message: 'Librarian was shot by Skeleton'
[08:36:43] [Server thread/INFO]: Kanbuto fell from a high place
[08:49:27] [Server thread/INFO]: Villager class_1646['Villager'/105623, l='ServerLevel[world]', x=-879.49, y=65.00, z=2846.55] died, message: 'Villager was slain by Zombie'
[08:59:30] [Server thread/INFO]: Kanbuto lost connection: Disconnected
[08:59:30] [Server thread/INFO]: Kanbuto left the game
[08:59:58] [Server thread/INFO]: Kanbuto[/172.18.0.3:47876] logged in with entity id 112993 at (-1301.645150137284, 92.0, 2565.7059612719327)
[08:59:58] [Server thread/INFO]: Kanbuto joined the game
[09:02:50] [Server thread/INFO]: Kanbuto lost connection: Disconnected
[09:02:50] [Server thread/INFO]: Kanbuto left the game
[09:03:50] [Server thread/INFO]: Server empty for 60 seconds, pausing
